
> iskcon-sadhana-platform@1.0.0 build
> next build

  Γû▓ Next.js 14.2.35
  - Environments: .env.local, .env
  - Experiments (use with caution):
    ┬╖ webpackBuildWorker

   Creating an optimized production build ...
 Γ£ô Compiled successfully
   Linting and checking validity of types ...
   Collecting page data ...
node.exe : PageNotFoundError: Cannot find module for 
page: /api/admin/assign-bv-group
At line:1 char:1
+ & "C:\Program Files\nodejs/node.exe" "C:\Program 
Files\nodejs/node_mo ...
+ ~~~~~~~~~~~~~~~~~~~~~~~~~~~~~~~~~~~~~~~~~~~~~~~~~~~~~~~
~~~~~~~~~~~~~~
    + CategoryInfo          : NotSpecified: (PageNot    
FoundErr...assign-bv-group:String) [], RemoteExc    
eption
    + FullyQualifiedErrorId : NativeCommandError
 
    at getPagePath (C:\Users\Admin\Documents\Communicatio
n\node_modules\next\dist\server\require.js:94:15)
    at requirePage (C:\Users\Admin\Documents\Communicatio
n\node_modules\next\dist\server\require.js:99:22)
    at C:\Users\Admin\Documents\Communication\node_module
s\next\dist\server\load-components.js:103:84
    at process.processTicksAndRejections 
(node:internal/process/task_queues:103:5)
    at async loadComponentsImpl (C:\Users\Admin\Documents
\Communication\node_modules\next\dist\server\load-compone
nts.js:103:26)
    at async C:\Users\Admin\Documents\Communication\node_
modules\next\dist\build\utils.js:1116:32
    at async Span.traceAsyncFn (C:\Users\Admin\Documents\
Communication\node_modules\next\dist\trace\trace.js:154:2
0) {
  code: 'ENOENT'
}

> Build error occurred
Error: Failed to collect page data for 
/api/admin/assign-bv-group
    at C:\Users\Admin\Documents\Communication\node_module
s\next\dist\build\utils.js:1269:15
    at process.processTicksAndRejections 
(node:internal/process/task_queues:103:5) {
  type: 'Error'
}
